{
  "version": "1.4.0",
  "plugins_used": [
    {
      "name": "ArtifactoryDetector"
    },
    {
      "name": "AWSKeyDetector"
    },
    {
      "name": "AzureStorageKeyDetector"
    },
    {
      "name": "Base64HighEntropyString",
      "limit": 4.5
    },
    {
      "name": "BasicAuthDetector"
    },
    {
      "name": "CloudantDetector"
    },
    {
      "name": "DiscordBotTokenDetector"
    },
    {
      "name": "GitHubTokenDetector"
    },
    {
      "name": "HexHighEntropyString",
      "limit": 3.0
    },
    {
      "name": "IbmCloudIamDetector"
    },
    {
      "name": "IbmCosHmacDetector"
    },
    {
      "name": "JwtTokenDetector"
    },
    {
      "name": "KeywordDetector",
      "keyword_exclude": ""
    },
    {
      "name": "MailchimpDetector"
    },
    {
      "name": "NpmDetector"
    },
    {
      "name": "PrivateKeyDetector"
    },
    {
      "name": "SendGridDetector"
    },
    {
      "name": "SlackDetector"
    },
    {
      "name": "SoftlayerDetector"
    },
    {
      "name": "SquareOAuthDetector"
    },
    {
      "name": "StripeDetector"
    },
    {
      "name": "TwilioKeyDetector"
    }
  ],
  "filters_used": [
    {
      "path": "detect_secrets.filters.allowlist.is_line_allowlisted"
    },
    {
      "path": "detect_secrets.filters.common.is_ignored_due_to_verification_policies",
      "min_level": 2
    },
    {
      "path": "detect_secrets.filters.heuristic.is_indirect_reference"
    },
    {
      "path": "detect_secrets.filters.heuristic.is_likely_id_string"
    },
    {
      "path": "detect_secrets.filters.heuristic.is_lock_file"
    },
    {
      "path": "detect_secrets.filters.heuristic.is_not_alphanumeric_string"
    },
    {
      "path": "detect_secrets.filters.heuristic.is_potential_uuid"
    },
    {
      "path": "detect_secrets.filters.heuristic.is_prefixed_with_dollar_sign"
    },
    {
      "path": "detect_secrets.filters.heuristic.is_sequential_string"
    },
    {
      "path": "detect_secrets.filters.heuristic.is_swagger_file"
    },
    {
      "path": "detect_secrets.filters.heuristic.is_templated_secret"
    },
    {
      "path": "detect_secrets.filters.regex.should_exclude_file",
      "pattern": [
        "package-lock.json"
      ]
    }
  ],
  "results": {
    "DEPLOYMENT.md": [
      {
        "type": "Secret Keyword",
        "filename": "DEPLOYMENT.md",
        "hashed_secret": "e862da5b798ebdc981f9100f3e90a296da5b2629",
        "is_verified": false,
        "line_number": 458
      }
    ],
    "README.md": [
      {
        "type": "Secret Keyword",
        "filename": "README.md",
        "hashed_secret": "78e9de82f35da7dbf5e63ce2e2d552fe76072e71",
        "is_verified": false,
        "line_number": 270
      }
    ],
    "agents/endpoint/windows/agent.cpp": [
      {
        "type": "Secret Keyword",
        "filename": "agents/endpoint/windows/agent.cpp",
        "hashed_secret": "18a40268350815c323ad3b0a538bd37dc8625500",
        "is_verified": false,
        "line_number": 2302
      },
      {
        "type": "Secret Keyword",
        "filename": "agents/endpoint/windows/agent.cpp",
        "hashed_secret": "6367c48dd193d56ea7b0baad25b19455e529f5ee",
        "is_verified": false,
        "line_number": 2304
      }
    ],
    "agents/endpoint/windows/network_exfil_monitor.cpp": [
      {
        "type": "Base64 High Entropy String",
        "filename": "agents/endpoint/windows/network_exfil_monitor.cpp",
        "hashed_secret": "25307373bcb76f410ce18c2cbd55234a6d372c06",
        "is_verified": false,
        "line_number": 1923
      }
    ],
    "dashboard/dist/assets/index-B76zJ1Ml.js": [
      {
        "type": "Private Key",
        "filename": "dashboard/dist/assets/index-B76zJ1Ml.js",
        "hashed_secret": "1348b145fa1a555461c1b790a2f66614781091e9",
        "is_verified": false,
        "line_number": 812
      },
      {
        "type": "Secret Keyword",
        "filename": "dashboard/dist/assets/index-B76zJ1Ml.js",
        "hashed_secret": "47acd2028cf81b5da88ddeedb2aea4eca4b71fbd",
        "is_verified": false,
        "line_number": 812
      }
    ],
    "dashboard/src/utils/policyUtils.ts": [
      {
        "type": "Secret Keyword",
        "filename": "dashboard/src/utils/policyUtils.ts",
        "hashed_secret": "47acd2028cf81b5da88ddeedb2aea4eca4b71fbd",
        "is_verified": false,
        "line_number": 145
      },
      {
        "type": "Secret Keyword",
        "filename": "dashboard/src/utils/policyUtils.ts",
        "hashed_secret": "ade5ddaf2557ee93225fc565adbfe1ade3bae3a0",
        "is_verified": false,
        "line_number": 146
      },
      {
        "type": "Private Key",
        "filename": "dashboard/src/utils/policyUtils.ts",
        "hashed_secret": "1348b145fa1a555461c1b790a2f66614781091e9",
        "is_verified": false,
        "line_number": 765
      },
      {
        "type": "Private Key",
        "filename": "dashboard/src/utils/policyUtils.ts",
        "hashed_secret": "4ada9713ec27066b2ffe0b7bd9c9c8d635dc4ab2",
        "is_verified": false,
        "line_number": 766
      },
      {
        "type": "Basic Auth Credentials",
        "filename": "dashboard/src/utils/policyUtils.ts",
        "hashed_secret": "9d4e1e23bd5b727046a9e3b4b7db57bd8d6ee684",
        "is_verified": false,
        "line_number": 833
      }
    ],
    "manage-agent.ps1": [
      {
        "type": "Base64 High Entropy String",
        "filename": "manage-agent.ps1",
        "hashed_secret": "e1204b36cd385978f4698babc3e51b9be3cfb999",
        "is_verified": false,
        "line_number": 834
      }
    ],
    "server/alembic.ini": [
      {
        "type": "Basic Auth Credentials",
        "filename": "server/alembic.ini",
        "hashed_secret": "9d4e1e23bd5b727046a9e3b4b7db57bd8d6ee684",
        "is_verified": false,
        "line_number": 55
      }
    ],
    "server/alembic/versions/4a08eecdb2f5_add_type_severity_config_columns_to_.py": [
      {
        "type": "Hex High Entropy String",
        "filename": "server/alembic/versions/4a08eecdb2f5_add_type_severity_config_columns_to_.py",
        "hashed_secret": "79f01a49ee26dae02a21f6c5c3c78fdc2ee5b5de",
        "is_verified": false,
        "line_number": 13
      }
    ],
    "server/alembic/versions/9b1d3c2d5f24_add_agent_ids_to_policies.py": [
      {
        "type": "Hex High Entropy String",
        "filename": "server/alembic/versions/9b1d3c2d5f24_add_agent_ids_to_policies.py",
        "hashed_secret": "37d1b590d3eb0a7f7a2fd9e860ed2cea6854bf29",
        "is_verified": false,
        "line_number": 13
      },
      {
        "type": "Hex High Entropy String",
        "filename": "server/alembic/versions/9b1d3c2d5f24_add_agent_ids_to_policies.py",
        "hashed_secret": "4cd81ef95a5336dc245837d51728e19359c37242",
        "is_verified": false,
        "line_number": 14
      }
    ],
    "server/alembic/versions/add_onedrive_tables.py": [
      {
        "type": "Hex High Entropy String",
        "filename": "server/alembic/versions/add_onedrive_tables.py",
        "hashed_secret": "37d1b590d3eb0a7f7a2fd9e860ed2cea6854bf29",
        "is_verified": false,
        "line_number": 15
      }
    ],
    "server/alembic/versions/caa6530e7d81_add_google_drive_tables.py": [
      {
        "type": "Hex High Entropy String",
        "filename": "server/alembic/versions/caa6530e7d81_add_google_drive_tables.py",
        "hashed_secret": "4cd81ef95a5336dc245837d51728e19359c37242",
        "is_verified": false,
        "line_number": 14
      },
      {
        "type": "Hex High Entropy String",
        "filename": "server/alembic/versions/caa6530e7d81_add_google_drive_tables.py",
        "hashed_secret": "79f01a49ee26dae02a21f6c5c3c78fdc2ee5b5de",
        "is_verified": false,
        "line_number": 15
      }
    ],
    "server/app/main.py": [
      {
        "type": "Private Key",
        "filename": "server/app/main.py",
        "hashed_secret": "4ada9713ec27066b2ffe0b7bd9c9c8d635dc4ab2",
        "is_verified": false,
        "line_number": 434
      }
    ],
    "server/app/services/context_analyzer.py": [
      {
        "type": "Hex High Entropy String",
        "filename": "server/app/services/context_analyzer.py",
        "hashed_secret": "c3976ca01afb9b639d16a87555bdcf78e79bbf94",
        "is_verified": false,
        "line_number": 120
      },
      {
        "type": "AWS Access Key",
        "filename": "server/app/services/context_analyzer.py",
        "hashed_secret": "25910f981e85ca04baf359199dd0bd4a3ae738b6",
        "is_verified": false,
        "line_number": 123
      }
    ],
    "server/app/services/ml_classification.py": [
      {
        "type": "AWS Access Key",
        "filename": "server/app/services/ml_classification.py",
        "hashed_secret": "25910f981e85ca04baf359199dd0bd4a3ae738b6",
        "is_verified": false,
        "line_number": 183
      },
      {
        "type": "Basic Auth Credentials",
        "filename": "server/app/services/ml_classification.py",
        "hashed_secret": "e5e9fa1ba31ecd1ae84f75caaa474f3a663f05f4",
        "is_verified": false,
        "line_number": 186
      },
      {
        "type": "Stripe Access Key",
        "filename": "server/app/services/ml_classification.py",
        "hashed_secret": "891a58077e6f5753b8838bf4f865a7de32b60440",
        "is_verified": false,
        "line_number": 187
      }
    ],
    "server/app/utils/policy_transformer.py": [
      {
        "type": "Private Key",
        "filename": "server/app/utils/policy_transformer.py",
        "hashed_secret": "4ada9713ec27066b2ffe0b7bd9c9c8d635dc4ab2",
        "is_verified": false,
        "line_number": 110
      }
    ],
    "server/data/default_rules.json": [
      {
        "type": "Private Key",
        "filename": "server/data/default_rules.json",
        "hashed_secret": "4ada9713ec27066b2ffe0b7bd9c9c8d635dc4ab2",
        "is_verified": false,
        "line_number": 424
      }
    ],
    "server/tests/conftest.py": [
      {
        "type": "Secret Keyword",
        "filename": "server/tests/conftest.py",
        "hashed_secret": "9da8f6935461dc90a7150890193cd91160e65bc9",
        "is_verified": false,
        "line_number": 105
      }
    ],
    "server/tests/test_document_extract_truncation.py": [
      {
        "type": "AWS Access Key",
        "filename": "server/tests/test_document_extract_truncation.py",
        "hashed_secret": "25910f981e85ca04baf359199dd0bd4a3ae738b6",
        "is_verified": false,
        "line_number": 18
      },
      {
        "type": "Secret Keyword",
        "filename": "server/tests/test_document_extract_truncation.py",
        "hashed_secret": "80333b56a8195ee7dbb2169f67a07025b3d88acf",
        "is_verified": false,
        "line_number": 18
      }
    ],
    "server/tests/test_google_drive_models.py": [
      {
        "type": "Secret Keyword",
        "filename": "server/tests/test_google_drive_models.py",
        "hashed_secret": "6318553899daae2941718c02508aeee938af1a1c",
        "is_verified": false,
        "line_number": 20
      }
    ],
    "server/tests/test_google_drive_oauth_service.py": [
      {
        "type": "Secret Keyword",
        "filename": "server/tests/test_google_drive_oauth_service.py",
        "hashed_secret": "6318553899daae2941718c02508aeee938af1a1c",
        "is_verified": false,
        "line_number": 60
      }
    ],
    "server/tests/test_google_drive_polling_service.py": [
      {
        "type": "Secret Keyword",
        "filename": "server/tests/test_google_drive_polling_service.py",
        "hashed_secret": "6318553899daae2941718c02508aeee938af1a1c",
        "is_verified": false,
        "line_number": 57
      }
    ],
    "server/tests/test_services/test_user_service.py": [
      {
        "type": "Secret Keyword",
        "filename": "server/tests/test_services/test_user_service.py",
        "hashed_secret": "98e540ffae8223c143f1453da4c8604ca943213e",
        "is_verified": false,
        "line_number": 90
      }
    ],
    "server/tests/test_source_code_patterns.py": [
      {
        "type": "Secret Keyword",
        "filename": "server/tests/test_source_code_patterns.py",
        "hashed_secret": "e5e9fa1ba31ecd1ae84f75caaa474f3a663f05f4",
        "is_verified": false,
        "line_number": 57
      },
      {
        "type": "AWS Access Key",
        "filename": "server/tests/test_source_code_patterns.py",
        "hashed_secret": "25910f981e85ca04baf359199dd0bd4a3ae738b6",
        "is_verified": false,
        "line_number": 69
      },
      {
        "type": "GitHub Token",
        "filename": "server/tests/test_source_code_patterns.py",
        "hashed_secret": "e175c6f5f2a92e8623bd9a4820edb4e8c1b0fd10",
        "is_verified": false,
        "line_number": 81
      },
      {
        "type": "Base64 High Entropy String",
        "filename": "server/tests/test_source_code_patterns.py",
        "hashed_secret": "9a710d9ded1e3a3d37034c26c7e5b1f4cfde29c1",
        "is_verified": false,
        "line_number": 93
      },
      {
        "type": "Secret Keyword",
        "filename": "server/tests/test_source_code_patterns.py",
        "hashed_secret": "9a710d9ded1e3a3d37034c26c7e5b1f4cfde29c1",
        "is_verified": false,
        "line_number": 93
      },
      {
        "type": "Basic Auth Credentials",
        "filename": "server/tests/test_source_code_patterns.py",
        "hashed_secret": "5baa61e4c9b93f3f0682250b6cf8331b7ee68fd8",
        "is_verified": false,
        "line_number": 117
      },
      {
        "type": "Secret Keyword",
        "filename": "server/tests/test_source_code_patterns.py",
        "hashed_secret": "25910f981e85ca04baf359199dd0bd4a3ae738b6",
        "is_verified": false,
        "line_number": 168
      }
    ]
  },
  "generated_at": "2026-09-18T06:18:56Z"
}
